2026-08-27 05:35:30.679: [INFO] CurrentProfilePath: E:\Microservicies\.metadata\.plugins\org.eclipse.swt\EBWebView\Default
2026-08-27 05:35:30.679: [INFO] Profiles total count: 1
2026-08-27 05:35:30.679: [INFO] Profile: name=Profile 1 path=E:\Microservicies\.metadata\.plugins\org.eclipse.swt\EBWebView\Default lastActive=null
2026-08-27 05:35:30.679: [INFO] LastUsedProfileDir: E:\Microservicies\.metadata\.plugins\org.eclipse.swt\EBWebView\Default
2026-08-27 05:35:30.679: [INFO] OnDoneLoading sync enabled: 0
2026-08-27 05:35:30.679: [INFO] BookmarkModelLoaded, ids_reassigned: 0
2026-08-27 05:35:30.679: [INFO] BookmarksLoadDropped droppedNodes=0
2026-08-27 05:35:30.679: [INFO] BookmarksSnapshot Startup total=0 bar=0 other=0 mobile=0 showBar=0 showBarNTP=1
2026-08-27 05:35:36.671: [INFO] BookmarksSnapshot Shutdown total=0 bar=0 other=0 mobile=0 showBar=0 showBarNTP=1
2026-08-27 05:37:50.010: [INFO] CurrentProfilePath: E:\Microservicies\.metadata\.plugins\org.eclipse.swt\EBWebView\Default
2026-08-27 05:37:50.010: [INFO] Profiles total count: 1
2026-08-27 05:37:50.010: [INFO] Profile: name=Profile 1 path=E:\Microservicies\.metadata\.plugins\org.eclipse.swt\EBWebView\Default lastActive=null
2026-08-27 05:37:50.010: [INFO] LastUsedProfileDir: E:\Microservicies\.metadata\.plugins\org.eclipse.swt\EBWebView\Default
2026-08-27 05:37:50.010: [INFO] OnDoneLoading sync enabled: 0
2026-08-27 05:37:50.010: [INFO] BookmarkModelLoaded, ids_reassigned: 0
2026-08-27 05:37:50.010: [INFO] BookmarksLoadDropped droppedNodes=0
2026-08-27 05:37:50.010: [INFO] BookmarksSnapshot Startup total=0 bar=0 other=0 mobile=0 showBar=0 showBarNTP=1
2026-08-27 06:10:59.392: [INFO] BookmarksSnapshot Shutdown total=0 bar=0 other=0 mobile=0 showBar=0 showBarNTP=1
2026-08-28 04:55:59.457: [INFO] CurrentProfilePath: E:\Microservicies\.metadata\.plugins\org.eclipse.swt\EBWebView\Default
2026-08-28 04:55:59.457: [INFO] Profiles total count: 1
2026-08-28 04:55:59.457: [INFO] Profile: name=Profile 1 path=E:\Microservicies\.metadata\.plugins\org.eclipse.swt\EBWebView\Default lastActive=null
2026-08-28 04:55:59.457: [INFO] LastUsedProfileDir: E:\Microservicies\.metadata\.plugins\org.eclipse.swt\EBWebView\Default
2026-08-28 04:55:59.457: [INFO] OnDoneLoading sync enabled: 0
2026-08-28 04:55:59.457: [INFO] BookmarkModelLoaded, ids_reassigned: 0
2026-08-28 04:55:59.457: [INFO] BookmarksLoadDropped droppedNodes=0
2026-08-28 04:55:59.457: [INFO] BookmarksSnapshot Startup total=0 bar=0 other=0 mobile=0 showBar=0 showBarNTP=1
2026-08-28 04:55:59.795: [INFO] BookmarksSnapshot Shutdown total=0 bar=0 other=0 mobile=0 showBar=0 showBarNTP=1
2026-08-28 05:49:12.648: [INFO] CurrentProfilePath: E:\Microservicies\.metadata\.plugins\org.eclipse.swt\EBWebView\Default
2026-08-28 05:49:12.648: [INFO] Profiles total count: 1
2026-08-28 05:49:12.648: [INFO] Profile: name=Profile 1 path=E:\Microservicies\.metadata\.plugins\org.eclipse.swt\EBWebView\Default lastActive=null
2026-08-28 05:49:12.648: [INFO] LastUsedProfileDir: E:\Microservicies\.metadata\.plugins\org.eclipse.swt\EBWebView\Default
2026-08-28 05:49:12.648: [INFO] OnDoneLoading sync enabled: 0
2026-08-28 05:49:12.648: [INFO] BookmarkModelLoaded, ids_reassigned: 0
2026-08-28 05:49:12.648: [INFO] BookmarksLoadDropped droppedNodes=0
2026-08-28 05:49:12.648: [INFO] BookmarksSnapshot Startup total=0 bar=0 other=0 mobile=0 showBar=0 showBarNTP=1
2026-08-28 05:49:12.861: [INFO] BookmarksSnapshot Shutdown total=0 bar=0 other=0 mobile=0 showBar=0 showBarNTP=1
2026-08-28 06:04:18.109: [INFO] CurrentProfilePath: E:\Microservicies\.metadata\.plugins\org.eclipse.swt\EBWebView\Default
2026-08-28 06:04:18.109: [INFO] Profiles total count: 1
2026-08-28 06:04:18.109: [INFO] Profile: name=Profile 1 path=E:\Microservicies\.metadata\.plugins\org.eclipse.swt\EBWebView\Default lastActive=null
2026-08-28 06:04:18.109: [INFO] LastUsedProfileDir: E:\Microservicies\.metadata\.plugins\org.eclipse.swt\EBWebView\Default
2026-08-28 06:04:18.109: [INFO] OnDoneLoading sync enabled: 0
2026-08-28 06:04:18.109: [INFO] BookmarkModelLoaded, ids_reassigned: 0
2026-08-28 06:04:18.109: [INFO] BookmarksLoadDropped droppedNodes=0
2026-08-28 06:04:18.109: [INFO] BookmarksSnapshot Startup total=0 bar=0 other=0 mobile=0 showBar=0 showBarNTP=1
2026-08-28 06:04:26.903: [INFO] BookmarksSnapshot Shutdown total=0 bar=0 other=0 mobile=0 showBar=0 showBarNTP=1
2026-08-29 04:54:37.867: [INFO] CurrentProfilePath: E:\Microservicies\.metadata\.plugins\org.eclipse.swt\EBWebView\Default
2026-08-29 04:54:37.867: [INFO] Profiles total count: 1
2026-08-29 04:54:37.867: [INFO] Profile: name=Profile 1 path=E:\Microservicies\.metadata\.plugins\org.eclipse.swt\EBWebView\Default lastActive=null
2026-08-29 04:54:37.867: [INFO] LastUsedProfileDir: E:\Microservicies\.metadata\.plugins\org.eclipse.swt\EBWebView\Default
2026-08-29 04:54:37.867: [INFO] OnDoneLoading sync enabled: 0
2026-08-29 04:54:37.867: [INFO] BookmarkModelLoaded, ids_reassigned: 0
2026-08-29 04:54:37.867: [INFO] BookmarksLoadDropped droppedNodes=0
2026-08-29 04:54:37.867: [INFO] BookmarksSnapshot Startup total=0 bar=0 other=0 mobile=0 showBar=0 showBarNTP=1
2026-08-29 04:54:40.994: [INFO] BookmarksSnapshot Shutdown total=0 bar=0 other=0 mobile=0 showBar=0 showBarNTP=1
2026-08-29 04:54:42.474: [INFO] CurrentProfilePath: E:\Microservicies\.metadata\.plugins\org.eclipse.swt\EBWebView\Default
2026-08-29 04:54:42.474: [INFO] Profiles total count: 1
2026-08-29 04:54:42.474: [INFO] Profile: name=Profile 1 path=E:\Microservicies\.metadata\.plugins\org.eclipse.swt\EBWebView\Default lastActive=null
2026-08-29 04:54:42.474: [INFO] LastUsedProfileDir: E:\Microservicies\.metadata\.plugins\org.eclipse.swt\EBWebView\Default
2026-08-29 04:54:42.474: [INFO] OnDoneLoading sync enabled: 0
2026-08-29 04:54:42.474: [INFO] BookmarkModelLoaded, ids_reassigned: 0
2026-08-29 04:54:42.474: [INFO] BookmarksLoadDropped droppedNodes=0
2026-08-29 04:54:42.474: [INFO] BookmarksSnapshot Startup total=0 bar=0 other=0 mobile=0 showBar=0 showBarNTP=1
2026-08-29 05:20:09.875: [INFO] BookmarksSnapshot Shutdown total=0 bar=0 other=0 mobile=0 showBar=0 showBarNTP=1
2026-08-29 05:41:41.141: [INFO] CurrentProfilePath: E:\Microservicies\.metadata\.plugins\org.eclipse.swt\EBWebView\Default
2026-08-29 05:41:41.141: [INFO] Profiles total count: 1
2026-08-29 05:41:41.141: [INFO] Profile: name=Profile 1 path=E:\Microservicies\.metadata\.plugins\org.eclipse.swt\EBWebView\Default lastActive=null
2026-08-29 05:41:41.141: [INFO] LastUsedProfileDir: E:\Microservicies\.metadata\.plugins\org.eclipse.swt\EBWebView\Default
2026-08-29 05:41:41.141: [INFO] OnDoneLoading sync enabled: 0
2026-08-29 05:41:41.141: [INFO] BookmarkModelLoaded, ids_reassigned: 0
2026-08-29 05:41:41.141: [INFO] BookmarksLoadDropped droppedNodes=0
2026-08-29 05:41:41.141: [INFO] BookmarksSnapshot Startup total=0 bar=0 other=0 mobile=0 showBar=0 showBarNTP=1
2026-08-29 05:41:41.284: [INFO] BookmarksSnapshot Shutdown total=0 bar=0 other=0 mobile=0 showBar=0 showBarNTP=1
2026-08-29 05:52:28.221: [INFO] CurrentProfilePath: E:\Microservicies\.metadata\.plugins\org.eclipse.swt\EBWebView\Default
2026-08-29 05:52:28.221: [INFO] Profiles total count: 1
2026-08-29 05:52:28.221: [INFO] Profile: name=Profile 1 path=E:\Microservicies\.metadata\.plugins\org.eclipse.swt\EBWebView\Default lastActive=null
2026-08-29 05:52:28.221: [INFO] LastUsedProfileDir: E:\Microservicies\.metadata\.plugins\org.eclipse.swt\EBWebView\Default
2026-08-29 05:52:28.221: [INFO] OnDoneLoading sync enabled: 0
2026-08-29 05:52:28.221: [INFO] BookmarkModelLoaded, ids_reassigned: 0
2026-08-29 05:52:28.221: [INFO] BookmarksLoadDropped droppedNodes=0
2026-08-29 05:52:28.221: [INFO] BookmarksSnapshot Startup total=0 bar=0 other=0 mobile=0 showBar=0 showBarNTP=1
2026-08-29 05:52:28.358: [INFO] BookmarksSnapshot Shutdown total=0 bar=0 other=0 mobile=0 showBar=0 showBarNTP=1
2026-08-29 05:57:46.658: [INFO] CurrentProfilePath: E:\Microservicies\.metadata\.plugins\org.eclipse.swt\EBWebView\Default
2026-08-29 05:57:46.658: [INFO] Profiles total count: 1
2026-08-29 05:57:46.658: [INFO] Profile: name=Profile 1 path=E:\Microservicies\.metadata\.plugins\org.eclipse.swt\EBWebView\Default lastActive=null
2026-08-29 05:57:46.658: [INFO] LastUsedProfileDir: E:\Microservicies\.metadata\.plugins\org.eclipse.swt\EBWebView\Default
2026-08-29 05:57:46.658: [INFO] OnDoneLoading sync enabled: 0
2026-08-29 05:57:46.658: [INFO] BookmarkModelLoaded, ids_reassigned: 0
2026-08-29 05:57:46.658: [INFO] BookmarksLoadDropped droppedNodes=0
2026-08-29 05:57:46.658: [INFO] BookmarksSnapshot Startup total=0 bar=0 other=0 mobile=0 showBar=0 showBarNTP=1
2026-08-29 05:57:49.010: [INFO] BookmarksSnapshot Shutdown total=0 bar=0 other=0 mobile=0 showBar=0 showBarNTP=1
2026-08-29 06:00:09.014: [INFO] CurrentProfilePath: E:\Microservicies\.metadata\.plugins\org.eclipse.swt\EBWebView\Default
2026-08-29 06:00:09.014: [INFO] Profiles total count: 1
2026-08-29 06:00:09.014: [INFO] Profile: name=Profile 1 path=E:\Microservicies\.metadata\.plugins\org.eclipse.swt\EBWebView\Default lastActive=null
2026-08-29 06:00:09.014: [INFO] LastUsedProfileDir: E:\Microservicies\.metadata\.plugins\org.eclipse.swt\EBWebView\Default
2026-08-29 06:00:09.014: [INFO] OnDoneLoading sync enabled: 0
2026-08-29 06:00:09.014: [INFO] BookmarkModelLoaded, ids_reassigned: 0
2026-08-29 06:00:09.014: [INFO] BookmarksLoadDropped droppedNodes=0
2026-08-29 06:00:09.014: [INFO] BookmarksSnapshot Startup total=0 bar=0 other=0 mobile=0 showBar=0 showBarNTP=1
2026-08-29 06:00:14.312: [INFO] BookmarksSnapshot Shutdown total=0 bar=0 other=0 mobile=0 showBar=0 showBarNTP=1
2026-08-29 06:00:32.706: [INFO] CurrentProfilePath: E:\Microservicies\.metadata\.plugins\org.eclipse.swt\EBWebView\Default
2026-08-29 06:00:32.706: [INFO] Profiles total count: 1
2026-08-29 06:00:32.706: [INFO] Profile: name=Profile 1 path=E:\Microservicies\.metadata\.plugins\org.eclipse.swt\EBWebView\Default lastActive=null
2026-08-29 06:00:32.706: [INFO] LastUsedProfileDir: E:\Microservicies\.metadata\.plugins\org.eclipse.swt\EBWebView\Default
2026-08-29 06:00:32.706: [INFO] OnDoneLoading sync enabled: 0
2026-08-29 06:00:32.706: [INFO] BookmarkModelLoaded, ids_reassigned: 0
2026-08-29 06:00:32.706: [INFO] BookmarksLoadDropped droppedNodes=0
2026-08-29 06:00:32.706: [INFO] BookmarksSnapshot Startup total=0 bar=0 other=0 mobile=0 showBar=0 showBarNTP=1
2026-08-29 06:00:43.542: [INFO] BookmarksSnapshot Shutdown total=0 bar=0 other=0 mobile=0 showBar=0 showBarNTP=1
2026-08-29 06:00:56.256: [INFO] CurrentProfilePath: E:\Microservicies\.metadata\.plugins\org.eclipse.swt\EBWebView\Default
2026-08-29 06:00:56.256: [INFO] Profiles total count: 1
2026-08-29 06:00:56.256: [INFO] Profile: name=Profile 1 path=E:\Microservicies\.metadata\.plugins\org.eclipse.swt\EBWebView\Default lastActive=null
2026-08-29 06:00:56.256: [INFO] LastUsedProfileDir: E:\Microservicies\.metadata\.plugins\org.eclipse.swt\EBWebView\Default
2026-08-29 06:00:56.256: [INFO] OnDoneLoading sync enabled: 0
2026-08-29 06:00:56.256: [INFO] BookmarkModelLoaded, ids_reassigned: 0
2026-08-29 06:00:56.256: [INFO] BookmarksLoadDropped droppedNodes=0
2026-08-29 06:00:56.256: [INFO] BookmarksSnapshot Startup total=0 bar=0 other=0 mobile=0 showBar=0 showBarNTP=1
2026-08-29 06:31:25.498: [INFO] BookmarksSnapshot Shutdown total=0 bar=0 other=0 mobile=0 showBar=0 showBarNTP=1
2026-08-29 06:46:04.493: [INFO] CurrentProfilePath: E:\Microservicies\.metadata\.plugins\org.eclipse.swt\EBWebView\Default
2026-08-29 06:46:04.493: [INFO] Profiles total count: 1
2026-08-29 06:46:04.493: [INFO] Profile: name=Profile 1 path=E:\Microservicies\.metadata\.plugins\org.eclipse.swt\EBWebView\Default lastActive=null
2026-08-29 06:46:04.493: [INFO] LastUsedProfileDir: E:\Microservicies\.metadata\.plugins\org.eclipse.swt\EBWebView\Default
2026-08-29 06:46:04.493: [INFO] OnDoneLoading sync enabled: 0
2026-08-29 06:46:04.493: [INFO] BookmarkModelLoaded, ids_reassigned: 0
2026-08-29 06:46:04.493: [INFO] BookmarksLoadDropped droppedNodes=0
2026-08-29 06:46:04.493: [INFO] BookmarksSnapshot Startup total=0 bar=0 other=0 mobile=0 showBar=0 showBarNTP=1
2026-08-29 06:46:07.757: [INFO] BookmarksSnapshot Shutdown total=0 bar=0 other=0 mobile=0 showBar=0 showBarNTP=1
2026-08-29 06:50:57.751: [INFO] CurrentProfilePath: E:\Microservicies\.metadata\.plugins\org.eclipse.swt\EBWebView\Default
2026-08-29 06:50:57.751: [INFO] Profiles total count: 1
2026-08-29 06:50:57.751: [INFO] Profile: name=Profile 1 path=E:\Microservicies\.metadata\.plugins\org.eclipse.swt\EBWebView\Default lastActive=null
2026-08-29 06:50:57.751: [INFO] LastUsedProfileDir: E:\Microservicies\.metadata\.plugins\org.eclipse.swt\EBWebView\Default
2026-08-29 06:50:57.751: [INFO] OnDoneLoading sync enabled: 0
2026-08-29 06:50:57.751: [INFO] BookmarkModelLoaded, ids_reassigned: 0
2026-08-29 06:50:57.751: [INFO] BookmarksLoadDropped droppedNodes=0
2026-08-29 06:50:57.751: [INFO] BookmarksSnapshot Startup total=0 bar=0 other=0 mobile=0 showBar=0 showBarNTP=1
2026-08-29 07:21:41.636: [INFO] BookmarksSnapshot Shutdown total=0 bar=0 other=0 mobile=0 showBar=0 showBarNTP=1
2026-08-29 07:30:45.578: [INFO] CurrentProfilePath: E:\Microservicies\.metadata\.plugins\org.eclipse.swt\EBWebView\Default
2026-08-29 07:30:45.578: [INFO] Profiles total count: 1
2026-08-29 07:30:45.578: [INFO] Profile: name=Profile 1 path=E:\Microservicies\.metadata\.plugins\org.eclipse.swt\EBWebView\Default lastActive=null
2026-08-29 07:30:45.578: [INFO] LastUsedProfileDir: E:\Microservicies\.metadata\.plugins\org.eclipse.swt\EBWebView\Default
2026-08-29 07:30:45.578: [INFO] OnDoneLoading sync enabled: 0
2026-08-29 07:30:45.578: [INFO] BookmarkModelLoaded, ids_reassigned: 0
2026-08-29 07:30:45.578: [INFO] BookmarksLoadDropped droppedNodes=0
2026-08-29 07:30:45.578: [INFO] BookmarksSnapshot Startup total=0 bar=0 other=0 mobile=0 showBar=0 showBarNTP=1
2026-08-29 07:31:58.801: [INFO] BookmarksSnapshot Shutdown total=0 bar=0 other=0 mobile=0 showBar=0 showBarNTP=1
2026-08-29 07:32:44.773: [INFO] CurrentProfilePath: E:\Microservicies\.metadata\.plugins\org.eclipse.swt\EBWebView\Default
2026-08-29 07:32:44.773: [INFO] Profiles total count: 1
2026-08-29 07:32:44.773: [INFO] Profile: name=Profile 1 path=E:\Microservicies\.metadata\.plugins\org.eclipse.swt\EBWebView\Default lastActive=null
2026-08-29 07:32:44.773: [INFO] LastUsedProfileDir: E:\Microservicies\.metadata\.plugins\org.eclipse.swt\EBWebView\Default
2026-08-29 07:32:44.773: [INFO] OnDoneLoading sync enabled: 0
2026-08-29 07:32:44.773: [INFO] BookmarkModelLoaded, ids_reassigned: 0
2026-08-29 07:32:44.773: [INFO] BookmarksLoadDropped droppedNodes=0
2026-08-29 07:32:44.773: [INFO] BookmarksSnapshot Startup total=0 bar=0 other=0 mobile=0 showBar=0 showBarNTP=1
2026-08-29 07:32:46.076: [INFO] BookmarksSnapshot Shutdown total=0 bar=0 other=0 mobile=0 showBar=0 showBarNTP=1
2026-08-29 07:32:47.263: [INFO] CurrentProfilePath: E:\Microservicies\.metadata\.plugins\org.eclipse.swt\EBWebView\Default
2026-08-29 07:32:47.263: [INFO] Profiles total count: 1
2026-08-29 07:32:47.263: [INFO] Profile: name=Profile 1 path=E:\Microservicies\.metadata\.plugins\org.eclipse.swt\EBWebView\Default lastActive=null
2026-08-29 07:32:47.263: [INFO] LastUsedProfileDir: E:\Microservicies\.metadata\.plugins\org.eclipse.swt\EBWebView\Default
2026-08-29 07:32:47.263: [INFO] OnDoneLoading sync enabled: 0
2026-08-29 07:32:47.263: [INFO] BookmarkModelLoaded, ids_reassigned: 0
2026-08-29 07:32:47.263: [INFO] BookmarksLoadDropped droppedNodes=0
2026-08-29 07:32:47.263: [INFO] BookmarksSnapshot Startup total=0 bar=0 other=0 mobile=0 showBar=0 showBarNTP=1
2026-08-29 07:32:49.460: [INFO] BookmarksSnapshot Shutdown total=0 bar=0 other=0 mobile=0 showBar=0 showBarNTP=1
2026-08-29 07:32:58.721: [INFO] CurrentProfilePath: E:\Microservicies\.metadata\.plugins\org.eclipse.swt\EBWebView\Default
2026-08-29 07:32:58.721: [INFO] Profiles total count: 1
2026-08-29 07:32:58.721: [INFO] Profile: name=Profile 1 path=E:\Microservicies\.metadata\.plugins\org.eclipse.swt\EBWebView\Default lastActive=null
2026-08-29 07:32:58.721: [INFO] LastUsedProfileDir: E:\Microservicies\.metadata\.plugins\org.eclipse.swt\EBWebView\Default
2026-08-29 07:32:58.721: [INFO] OnDoneLoading sync enabled: 0
2026-08-29 07:32:58.722: [INFO] BookmarkModelLoaded, ids_reassigned: 0
2026-08-29 07:32:58.722: [INFO] BookmarksLoadDropped droppedNodes=0
2026-08-29 07:32:58.722: [INFO] BookmarksSnapshot Startup total=0 bar=0 other=0 mobile=0 showBar=0 showBarNTP=1
2026-08-29 07:33:07.009: [INFO] BookmarksSnapshot Shutdown total=0 bar=0 other=0 mobile=0 showBar=0 showBarNTP=1
2026-08-29 07:33:07.772: [INFO] CurrentProfilePath: E:\Microservicies\.metadata\.plugins\org.eclipse.swt\EBWebView\Default
2026-08-29 07:33:07.772: [INFO] Profiles total count: 1
2026-08-29 07:33:07.772: [INFO] Profile: name=Profile 1 path=E:\Microservicies\.metadata\.plugins\org.eclipse.swt\EBWebView\Default lastActive=null
2026-08-29 07:33:07.772: [INFO] LastUsedProfileDir: E:\Microservicies\.metadata\.plugins\org.eclipse.swt\EBWebView\Default
2026-08-29 07:33:07.772: [INFO] OnDoneLoading sync enabled: 0
2026-08-29 07:33:07.772: [INFO] BookmarkModelLoaded, ids_reassigned: 0
2026-08-29 07:33:07.772: [INFO] BookmarksLoadDropped droppedNodes=0
2026-08-29 07:33:07.772: [INFO] BookmarksSnapshot Startup total=0 bar=0 other=0 mobile=0 showBar=0 showBarNTP=1
2026-08-29 07:33:07.868: [INFO] BookmarksSnapshot Shutdown total=0 bar=0 other=0 mobile=0 showBar=0 showBarNTP=1
2026-08-29 07:33:08.386: [INFO] CurrentProfilePath: E:\Microservicies\.metadata\.plugins\org.eclipse.swt\EBWebView\Default
2026-08-29 07:33:08.386: [INFO] Profiles total count: 1
2026-08-29 07:33:08.386: [INFO] Profile: name=Profile 1 path=E:\Microservicies\.metadata\.plugins\org.eclipse.swt\EBWebView\Default lastActive=null
2026-08-29 07:33:08.386: [INFO] LastUsedProfileDir: E:\Microservicies\.metadata\.plugins\org.eclipse.swt\EBWebView\Default
2026-08-29 07:33:08.386: [INFO] OnDoneLoading sync enabled: 0
2026-08-29 07:33:08.386: [INFO] BookmarkModelLoaded, ids_reassigned: 0
2026-08-29 07:33:08.386: [INFO] BookmarksLoadDropped droppedNodes=0
2026-08-29 07:33:08.386: [INFO] BookmarksSnapshot Startup total=0 bar=0 other=0 mobile=0 showBar=0 showBarNTP=1
2026-08-29 07:33:20.689: [INFO] BookmarksSnapshot Shutdown total=0 bar=0 other=0 mobile=0 showBar=0 showBarNTP=1
2026-08-29 07:33:22.867: [INFO] CurrentProfilePath: E:\Microservicies\.metadata\.plugins\org.eclipse.swt\EBWebView\Default
2026-08-29 07:33:22.868: [INFO] Profiles total count: 1
2026-08-29 07:33:22.868: [INFO] Profile: name=Profile 1 path=E:\Microservicies\.metadata\.plugins\org.eclipse.swt\EBWebView\Default lastActive=null
2026-08-29 07:33:22.868: [INFO] LastUsedProfileDir: E:\Microservicies\.metadata\.plugins\org.eclipse.swt\EBWebView\Default
2026-08-29 07:33:22.868: [INFO] OnDoneLoading sync enabled: 0
2026-08-29 07:33:22.868: [INFO] BookmarkModelLoaded, ids_reassigned: 0
2026-08-29 07:33:22.868: [INFO] BookmarksLoadDropped droppedNodes=0
2026-08-29 07:33:22.868: [INFO] BookmarksSnapshot Startup total=0 bar=0 other=0 mobile=0 showBar=0 showBarNTP=1
2026-08-29 07:33:35.412: [INFO] BookmarksSnapshot Shutdown total=0 bar=0 other=0 mobile=0 showBar=0 showBarNTP=1
2026-08-29 07:37:25.318: [INFO] CurrentProfilePath: E:\Microservicies\.metadata\.plugins\org.eclipse.swt\EBWebView\Default
2026-08-29 07:37:25.318: [INFO] Profiles total count: 1
2026-08-29 07:37:25.318: [INFO] Profile: name=Profile 1 path=E:\Microservicies\.metadata\.plugins\org.eclipse.swt\EBWebView\Default lastActive=2026-08-29T07:33:31.308Z
2026-08-29 07:37:25.318: [INFO] LastUsedProfileDir: E:\Microservicies\.metadata\.plugins\org.eclipse.swt\EBWebView\Default
2026-08-29 07:37:25.318: [INFO] MostRecentlyActiveProfile: name=Profile 1 path=E:\Microservicies\.metadata\.plugins\org.eclipse.swt\EBWebView\Default lastActive=2026-08-29T07:33:31.308Z
2026-08-29 07:37:25.318: [INFO] OnDoneLoading sync enabled: 0
2026-08-29 07:37:25.318: [INFO] BookmarkModelLoaded, ids_reassigned: 0
2026-08-29 07:37:25.318: [INFO] BookmarksLoadDropped droppedNodes=0
2026-08-29 07:37:25.318: [INFO] BookmarksSnapshot Startup total=0 bar=0 other=0 mobile=0 showBar=0 showBarNTP=1
2026-08-29 07:37:33.609: [INFO] BookmarksSnapshot Shutdown total=0 bar=0 other=0 mobile=0 showBar=0 showBarNTP=1
2026-08-29 07:37:36.829: [INFO] CurrentProfilePath: E:\Microservicies\.metadata\.plugins\org.eclipse.swt\EBWebView\Default
2026-08-29 07:37:36.829: [INFO] Profiles total count: 1
2026-08-29 07:37:36.829: [INFO] Profile: name=Profile 1 path=E:\Microservicies\.metadata\.plugins\org.eclipse.swt\EBWebView\Default lastActive=2026-08-29T07:33:31.308Z
2026-08-29 07:37:36.829: [INFO] LastUsedProfileDir: E:\Microservicies\.metadata\.plugins\org.eclipse.swt\EBWebView\Default
2026-08-29 07:37:36.829: [INFO] MostRecentlyActiveProfile: name=Profile 1 path=E:\Microservicies\.metadata\.plugins\org.eclipse.swt\EBWebView\Default lastActive=2026-08-29T07:33:31.308Z
2026-08-29 07:37:36.829: [INFO] OnDoneLoading sync enabled: 0
2026-08-29 07:37:36.829: [INFO] BookmarkModelLoaded, ids_reassigned: 0
2026-08-29 07:37:36.829: [INFO] BookmarksLoadDropped droppedNodes=0
2026-08-29 07:37:36.829: [INFO] BookmarksSnapshot Startup total=0 bar=0 other=0 mobile=0 showBar=0 showBarNTP=1
2026-08-29 07:37:42.494: [INFO] BookmarksSnapshot Shutdown total=0 bar=0 other=0 mobile=0 showBar=0 showBarNTP=1
2026-08-29 07:37:43.233: [INFO] CurrentProfilePath: E:\Microservicies\.metadata\.plugins\org.eclipse.swt\EBWebView\Default
2026-08-29 07:37:43.233: [INFO] Profiles total count: 1
2026-08-29 07:37:43.233: [INFO] Profile: name=Profile 1 path=E:\Microservicies\.metadata\.plugins\org.eclipse.swt\EBWebView\Default lastActive=2026-08-29T07:33:31.308Z
2026-08-29 07:37:43.233: [INFO] LastUsedProfileDir: E:\Microservicies\.metadata\.plugins\org.eclipse.swt\EBWebView\Default
2026-08-29 07:37:43.234: [INFO] MostRecentlyActiveProfile: name=Profile 1 path=E:\Microservicies\.metadata\.plugins\org.eclipse.swt\EBWebView\Default lastActive=2026-08-29T07:33:31.308Z
2026-08-29 07:37:43.234: [INFO] OnDoneLoading sync enabled: 0
2026-08-29 07:37:43.234: [INFO] BookmarkModelLoaded, ids_reassigned: 0
2026-08-29 07:37:43.234: [INFO] BookmarksLoadDropped droppedNodes=0
2026-08-29 07:37:43.234: [INFO] BookmarksSnapshot Startup total=0 bar=0 other=0 mobile=0 showBar=0 showBarNTP=1
2026-08-29 07:37:53.451: [INFO] BookmarksSnapshot Shutdown total=0 bar=0 other=0 mobile=0 showBar=0 showBarNTP=1
2026-08-29 07:38:10.293: [INFO] CurrentProfilePath: E:\Microservicies\.metadata\.plugins\org.eclipse.swt\EBWebView\Default
2026-08-29 07:38:10.293: [INFO] Profiles total count: 1
2026-08-29 07:38:10.294: [INFO] Profile: name=Profile 1 path=E:\Microservicies\.metadata\.plugins\org.eclipse.swt\EBWebView\Default lastActive=2026-08-29T07:33:31.308Z
2026-08-29 07:38:10.294: [INFO] LastUsedProfileDir: E:\Microservicies\.metadata\.plugins\org.eclipse.swt\EBWebView\Default
2026-08-29 07:38:10.294: [INFO] MostRecentlyActiveProfile: name=Profile 1 path=E:\Microservicies\.metadata\.plugins\org.eclipse.swt\EBWebView\Default lastActive=2026-08-29T07:33:31.308Z
2026-08-29 07:38:10.294: [INFO] OnDoneLoading sync enabled: 0
2026-08-29 07:38:10.294: [INFO] BookmarkModelLoaded, ids_reassigned: 0
2026-08-29 07:38:10.294: [INFO] BookmarksLoadDropped droppedNodes=0
2026-08-29 07:38:10.294: [INFO] BookmarksSnapshot Startup total=0 bar=0 other=0 mobile=0 showBar=0 showBarNTP=1
2026-08-29 07:38:12.505: [INFO] BookmarksSnapshot Shutdown total=0 bar=0 other=0 mobile=0 showBar=0 showBarNTP=1
2026-08-29 07:38:32.342: [INFO] CurrentProfilePath: E:\Microservicies\.metadata\.plugins\org.eclipse.swt\EBWebView\Default
2026-08-29 07:38:32.342: [INFO] Profiles total count: 1
2026-08-29 07:38:32.342: [INFO] Profile: name=Profile 1 path=E:\Microservicies\.metadata\.plugins\org.eclipse.swt\EBWebView\Default lastActive=2026-08-29T07:33:31.308Z
2026-08-29 07:38:32.342: [INFO] LastUsedProfileDir: E:\Microservicies\.metadata\.plugins\org.eclipse.swt\EBWebView\Default
2026-08-29 07:38:32.342: [INFO] MostRecentlyActiveProfile: name=Profile 1 path=E:\Microservicies\.metadata\.plugins\org.eclipse.swt\EBWebView\Default lastActive=2026-08-29T07:33:31.308Z
2026-08-29 07:38:32.342: [INFO] OnDoneLoading sync enabled: 0
2026-08-29 07:38:32.342: [INFO] BookmarkModelLoaded, ids_reassigned: 0
2026-08-29 07:38:32.342: [INFO] BookmarksLoadDropped droppedNodes=0
2026-08-29 07:38:32.342: [INFO] BookmarksSnapshot Startup total=0 bar=0 other=0 mobile=0 showBar=0 showBarNTP=1
2026-08-29 07:40:14.302: [INFO] BookmarksSnapshot Shutdown total=0 bar=0 other=0 mobile=0 showBar=0 showBarNTP=1
2026-08-29 07:53:26.563: [INFO] CurrentProfilePath: E:\Microservicies\.metadata\.plugins\org.eclipse.swt\EBWebView\Default
2026-08-29 07:53:26.563: [INFO] Profiles total count: 1
2026-08-29 07:53:26.563: [INFO] Profile: name=Profile 1 path=E:\Microservicies\.metadata\.plugins\org.eclipse.swt\EBWebView\Default lastActive=2026-08-29T07:33:31.308Z
2026-08-29 07:53:26.563: [INFO] LastUsedProfileDir: E:\Microservicies\.metadata\.plugins\org.eclipse.swt\EBWebView\Default
2026-08-29 07:53:26.563: [INFO] MostRecentlyActiveProfile: name=Profile 1 path=E:\Microservicies\.metadata\.plugins\org.eclipse.swt\EBWebView\Default lastActive=2026-08-29T07:33:31.308Z
2026-08-29 07:53:26.563: [INFO] OnDoneLoading sync enabled: 0
2026-08-29 07:53:26.563: [INFO] BookmarkModelLoaded, ids_reassigned: 0
2026-08-29 07:53:26.563: [INFO] BookmarksLoadDropped droppedNodes=0
2026-08-29 07:53:26.563: [INFO] BookmarksSnapshot Startup total=0 bar=0 other=0 mobile=0 showBar=0 showBarNTP=1
2026-08-29 08:01:36.796: [INFO] BookmarksSnapshot Shutdown total=0 bar=0 other=0 mobile=0 showBar=0 showBarNTP=1
2026-08-31 08:22:48.320: [INFO] CurrentProfilePath: E:\Microservicies\.metadata\.plugins\org.eclipse.swt\EBWebView\Default
2026-08-31 08:22:48.320: [INFO] Profiles total count: 1
2026-08-31 08:22:48.320: [INFO] Profile: name=Profile 1 path=E:\Microservicies\.metadata\.plugins\org.eclipse.swt\EBWebView\Default lastActive=2026-08-29T07:33:31.308Z
2026-08-31 08:22:48.320: [INFO] LastUsedProfileDir: E:\Microservicies\.metadata\.plugins\org.eclipse.swt\EBWebView\Default
2026-08-31 08:22:48.320: [INFO] MostRecentlyActiveProfile: name=Profile 1 path=E:\Microservicies\.metadata\.plugins\org.eclipse.swt\EBWebView\Default lastActive=2026-08-29T07:33:31.308Z
2026-08-31 08:22:48.320: [INFO] OnDoneLoading sync enabled: 0
2026-08-31 08:22:48.320: [INFO] BookmarkModelLoaded, ids_reassigned: 0
2026-08-31 08:22:48.320: [INFO] BookmarksLoadDropped droppedNodes=0
2026-08-31 08:22:48.320: [INFO] BookmarksSnapshot Startup total=0 bar=0 other=0 mobile=0 showBar=0 showBarNTP=1
2026-08-31 08:51:11.401: [INFO] BookmarksSnapshot Shutdown total=0 bar=0 other=0 mobile=0 showBar=0 showBarNTP=1
2026-08-31 08:51:11.545: [INFO] CurrentProfilePath: E:\Microservicies\.metadata\.plugins\org.eclipse.swt\EBWebView\Default
2026-08-31 08:51:11.545: [INFO] Profiles total count: 1
2026-08-31 08:51:11.545: [INFO] Profile: name=Profile 1 path=E:\Microservicies\.metadata\.plugins\org.eclipse.swt\EBWebView\Default lastActive=2026-08-29T07:33:31.308Z
2026-08-31 08:51:11.545: [INFO] LastUsedProfileDir: E:\Microservicies\.metadata\.plugins\org.eclipse.swt\EBWebView\Default
2026-08-31 08:51:11.545: [INFO] MostRecentlyActiveProfile: name=Profile 1 path=E:\Microservicies\.metadata\.plugins\org.eclipse.swt\EBWebView\Default lastActive=2026-08-29T07:33:31.308Z
2026-08-31 08:51:11.545: [INFO] OnDoneLoading sync enabled: 0
2026-08-31 08:51:11.545: [INFO] BookmarkModelLoaded, ids_reassigned: 0
2026-08-31 08:51:11.545: [INFO] BookmarksLoadDropped droppedNodes=0
2026-08-31 08:51:11.545: [INFO] BookmarksSnapshot Startup total=0 bar=0 other=0 mobile=0 showBar=0 showBarNTP=1
2026-08-31 09:15:33.845: [INFO] BookmarksSnapshot Shutdown total=0 bar=0 other=0 mobile=0 showBar=0 showBarNTP=1
2026-08-31 09:26:35.207: [INFO] CurrentProfilePath: E:\Microservicies\.metadata\.plugins\org.eclipse.swt\EBWebView\Default
2026-08-31 09:26:35.207: [INFO] Profiles total count: 1
2026-08-31 09:26:35.207: [INFO] Profile: name=Profile 1 path=E:\Microservicies\.metadata\.plugins\org.eclipse.swt\EBWebView\Default lastActive=2026-08-29T07:33:31.308Z
2026-08-31 09:26:35.207: [INFO] LastUsedProfileDir: E:\Microservicies\.metadata\.plugins\org.eclipse.swt\EBWebView\Default
2026-08-31 09:26:35.207: [INFO] MostRecentlyActiveProfile: name=Profile 1 path=E:\Microservicies\.metadata\.plugins\org.eclipse.swt\EBWebView\Default lastActive=2026-08-29T07:33:31.308Z
2026-08-31 09:26:35.207: [INFO] OnDoneLoading sync enabled: 0
2026-08-31 09:26:35.207: [INFO] BookmarkModelLoaded, ids_reassigned: 0
2026-08-31 09:26:35.208: [INFO] BookmarksLoadDropped droppedNodes=0
2026-08-31 09:26:35.208: [INFO] BookmarksSnapshot Startup total=0 bar=0 other=0 mobile=0 showBar=0 showBarNTP=1
2026-08-31 09:57:52.161: [INFO] BookmarksSnapshot Shutdown total=0 bar=0 other=0 mobile=0 showBar=0 showBarNTP=1
2026-08-31 10:02:26.873: [INFO] CurrentProfilePath: E:\Microservicies\.metadata\.plugins\org.eclipse.swt\EBWebView\Default
2026-08-31 10:02:26.873: [INFO] Profiles total count: 1
2026-08-31 10:02:26.873: [INFO] Profile: name=Profile 1 path=E:\Microservicies\.metadata\.plugins\org.eclipse.swt\EBWebView\Default lastActive=2026-08-29T07:33:31.308Z
2026-08-31 10:02:26.873: [INFO] LastUsedProfileDir: E:\Microservicies\.metadata\.plugins\org.eclipse.swt\EBWebView\Default
2026-08-31 10:02:26.874: [INFO] MostRecentlyActiveProfile: name=Profile 1 path=E:\Microservicies\.metadata\.plugins\org.eclipse.swt\EBWebView\Default lastActive=2026-08-29T07:33:31.308Z
2026-08-31 10:02:26.874: [INFO] OnDoneLoading sync enabled: 0
2026-08-31 10:02:26.874: [INFO] BookmarkModelLoaded, ids_reassigned: 0
2026-08-31 10:02:26.874: [INFO] BookmarksLoadDropped droppedNodes=0
2026-08-31 10:02:26.874: [INFO] BookmarksSnapshot Startup total=0 bar=0 other=0 mobile=0 showBar=0 showBarNTP=1
2026-08-31 10:06:51.489: [INFO] BookmarksSnapshot Shutdown total=0 bar=0 other=0 mobile=0 showBar=0 showBarNTP=1
2026-09-01 08:42:12.053: [INFO] CurrentProfilePath: E:\Microservicies\.metadata\.plugins\org.eclipse.swt\EBWebView\Default
2026-09-01 08:42:12.053: [INFO] Profiles total count: 1
2026-09-01 08:42:12.054: [INFO] Profile: name=Profile 1 path=E:\Microservicies\.metadata\.plugins\org.eclipse.swt\EBWebView\Default lastActive=2026-08-29T07:33:31.308Z
2026-09-01 08:42:12.054: [INFO] LastUsedProfileDir: E:\Microservicies\.metadata\.plugins\org.eclipse.swt\EBWebView\Default
2026-09-01 08:42:12.054: [INFO] MostRecentlyActiveProfile: name=Profile 1 path=E:\Microservicies\.metadata\.plugins\org.eclipse.swt\EBWebView\Default lastActive=2026-08-29T07:33:31.308Z
2026-09-01 08:42:12.054: [INFO] OnDoneLoading sync enabled: 0
2026-09-01 08:42:12.054: [INFO] BookmarkModelLoaded, ids_reassigned: 0
2026-09-01 08:42:12.054: [INFO] BookmarksLoadDropped droppedNodes=0
2026-09-01 08:42:12.054: [INFO] BookmarksSnapshot Startup total=0 bar=0 other=0 mobile=0 showBar=0 showBarNTP=1
2026-09-01 08:42:12.326: [INFO] BookmarksSnapshot Shutdown total=0 bar=0 other=0 mobile=0 showBar=0 showBarNTP=1
2026-09-01 08:42:23.084: [INFO] CurrentProfilePath: E:\Microservicies\.metadata\.plugins\org.eclipse.swt\EBWebView\Default
2026-09-01 08:42:23.084: [INFO] Profiles total count: 1
2026-09-01 08:42:23.084: [INFO] Profile: name=Profile 1 path=E:\Microservicies\.metadata\.plugins\org.eclipse.swt\EBWebView\Default lastActive=2026-08-29T07:33:31.308Z
2026-09-01 08:42:23.084: [INFO] LastUsedProfileDir: E:\Microservicies\.metadata\.plugins\org.eclipse.swt\EBWebView\Default
2026-09-01 08:42:23.084: [INFO] MostRecentlyActiveProfile: name=Profile 1 path=E:\Microservicies\.metadata\.plugins\org.eclipse.swt\EBWebView\Default lastActive=2026-08-29T07:33:31.308Z
2026-09-01 08:42:23.084: [INFO] OnDoneLoading sync enabled: 0
2026-09-01 08:42:23.084: [INFO] BookmarkModelLoaded, ids_reassigned: 0
2026-09-01 08:42:23.085: [INFO] BookmarksLoadDropped droppedNodes=0
2026-09-01 08:42:23.085: [INFO] BookmarksSnapshot Startup total=0 bar=0 other=0 mobile=0 showBar=0 showBarNTP=1
2026-09-01 08:42:23.284: [INFO] BookmarksSnapshot Shutdown total=0 bar=0 other=0 mobile=0 showBar=0 showBarNTP=1
2026-09-01 09:10:34.635: [INFO] CurrentProfilePath: E:\Microservicies\.metadata\.plugins\org.eclipse.swt\EBWebView\Default
2026-09-01 09:10:34.636: [INFO] Profiles total count: 1
2026-09-01 09:10:34.636: [INFO] Profile: name=Profile 1 path=E:\Microservicies\.metadata\.plugins\org.eclipse.swt\EBWebView\Default lastActive=2026-08-29T07:33:31.308Z
2026-09-01 09:10:34.636: [INFO] LastUsedProfileDir: E:\Microservicies\.metadata\.plugins\org.eclipse.swt\EBWebView\Default
2026-09-01 09:10:34.636: [INFO] MostRecentlyActiveProfile: name=Profile 1 path=E:\Microservicies\.metadata\.plugins\org.eclipse.swt\EBWebView\Default lastActive=2026-08-29T07:33:31.308Z
2026-09-01 09:10:34.636: [INFO] OnDoneLoading sync enabled: 0
2026-09-01 09:10:34.636: [INFO] BookmarkModelLoaded, ids_reassigned: 0
2026-09-01 09:10:34.636: [INFO] BookmarksLoadDropped droppedNodes=0
2026-09-01 09:10:34.636: [INFO] BookmarksSnapshot Startup total=0 bar=0 other=0 mobile=0 showBar=0 showBarNTP=1
2026-09-01 09:10:34.998: [INFO] BookmarksSnapshot Shutdown total=0 bar=0 other=0 mobile=0 showBar=0 showBarNTP=1
2026-09-01 09:10:39.978: [INFO] CurrentProfilePath: E:\Microservicies\.metadata\.plugins\org.eclipse.swt\EBWebView\Default
2026-09-01 09:10:39.978: [INFO] Profiles total count: 1
2026-09-01 09:10:39.978: [INFO] Profile: name=Profile 1 path=E:\Microservicies\.metadata\.plugins\org.eclipse.swt\EBWebView\Default lastActive=2026-08-29T07:33:31.308Z
2026-09-01 09:10:39.978: [INFO] LastUsedProfileDir: E:\Microservicies\.metadata\.plugins\org.eclipse.swt\EBWebView\Default
2026-09-01 09:10:39.978: [INFO] MostRecentlyActiveProfile: name=Profile 1 path=E:\Microservicies\.metadata\.plugins\org.eclipse.swt\EBWebView\Default lastActive=2026-08-29T07:33:31.308Z
2026-09-01 09:10:39.978: [INFO] OnDoneLoading sync enabled: 0
2026-09-01 09:10:39.978: [INFO] BookmarkModelLoaded, ids_reassigned: 0
2026-09-01 09:10:39.978: [INFO] BookmarksLoadDropped droppedNodes=0
2026-09-01 09:10:39.978: [INFO] BookmarksSnapshot Startup total=0 bar=0 other=0 mobile=0 showBar=0 showBarNTP=1
2026-09-01 12:59:48.295: [INFO] BookmarksSnapshot Shutdown total=0 bar=0 other=0 mobile=0 showBar=0 showBarNTP=1
